Traceback (most recent call last):
  File "C:\Users\richa\AppData\Roaming\Python\Python311\site-packages\jupyter_cache\executors\utils.py", line 58, in single_nb_execution
    executenb(
  File "C:\ProgramData\anaconda3\Lib\site-packages\nbclient\client.py", line 1305, in execute
    return NotebookClient(nb=nb, resources=resources, km=km, **kwargs).execute()
           ^^^^^^^^^^^^^^^^^^^^^^^^^^^^^^^^^^^^^^^^^^^^^^^^^^^^^^^^^^^^^^^^^^^^^
  File "C:\ProgramData\anaconda3\Lib\site-packages\jupyter_core\utils\__init__.py", line 165, in wrapped
    return loop.run_until_complete(inner)
           ^^^^^^^^^^^^^^^^^^^^^^^^^^^^^^
  File "C:\ProgramData\anaconda3\Lib\asyncio\base_events.py", line 653, in run_until_complete
    return future.result()
           ^^^^^^^^^^^^^^^
  File "C:\ProgramData\anaconda3\Lib\site-packages\nbclient\client.py", line 705, in async_execute
    await self.async_execute_cell(
  File "C:\ProgramData\anaconda3\Lib\site-packages\nbclient\client.py", line 1058, in async_execute_cell
    await self._check_raise_for_error(cell, cell_index, exec_reply)
  File "C:\ProgramData\anaconda3\Lib\site-packages\nbclient\client.py", line 914, in _check_raise_for_error
    raise CellExecutionError.from_cell_and_msg(cell, exec_reply_content)
nbclient.exceptions.CellExecutionError: An error occurred while executing the following cell:
------------------
Kij = np.asarray([[0, -0.11], [-0.11, 0]])
mix.kij_cubic(Kij)

eos1 = vdweos(mix)
model1 = virialgamma(mix,actmodel='uniquac')
eos1?
------------------


[1;31m---------------------------------------------------------------------------[0m
[1;31mException[0m                                 Traceback (most recent call last)
Cell [1;32mIn[5], line 5[0m
[0;32m      2[0m mix[38;5;241m.[39mkij_cubic(Kij)
[0;32m      4[0m eos1 [38;5;241m=[39m vdweos(mix)
[1;32m----> 5[0m model1 [38;5;241m=[39m virialgamma(mix,actmodel[38;5;241m=[39m[38;5;124m'[39m[38;5;124muniquac[39m[38;5;124m'[39m)
[0;32m      6[0m get_ipython()[38;5;241m.[39mrun_line_magic([38;5;124m'[39m[38;5;124mpinfo[39m[38;5;124m'[39m, [38;5;124m'[39m[38;5;124meos1[39m[38;5;124m'[39m)

File [1;32mC:\ProgramData\anaconda3\Lib\site-packages\phasepy\actmodels\virialgama.py:147[0m, in [0;36mvirialgamma.__init__[1;34m(self, mix, virialmodel, actmodel)[0m
[0;32m    145[0m         [38;5;28mself[39m[38;5;241m.[39mactm_temp [38;5;241m=[39m actm_temp[38;5;241m.[39m[38;5;21m__get__[39m([38;5;28mself[39m)
[0;32m    146[0m     [38;5;28;01melse[39;00m:
[1;32m--> 147[0m         [38;5;28;01mraise[39;00m [38;5;167;01mException[39;00m([38;5;124m'[39m[38;5;124mUNIQUAC parameters needed[39m[38;5;124m'[39m)
[0;32m    149[0m [38;5;28;01melif[39;00m actmodel [38;5;241m==[39m [38;5;124m'[39m[38;5;124mrk[39m[38;5;124m'[39m:
[0;32m    150[0m     [38;5;28;01mif[39;00m [38;5;28mhasattr[39m(mix, [38;5;124m'[39m[38;5;124mrkp[39m[38;5;124m'[39m) [38;5;129;01mand[39;00m [38;5;28mhasattr[39m(mix, [38;5;124m'[39m[38;5;124mrkpT[39m[38;5;124m'[39m):

[1;31mException[0m: UNIQUAC parameters needed

