Traceback (most recent call last):
  File "C:\Users\richa\AppData\Roaming\Python\Python312\site-packages\jupyter_cache\executors\utils.py", line 58, in single_nb_execution
    executenb(
  File "C:\ProgramData\anaconda3\Lib\site-packages\nbclient\client.py", line 1305, in execute
    return NotebookClient(nb=nb, resources=resources, km=km, **kwargs).execute()
           ^^^^^^^^^^^^^^^^^^^^^^^^^^^^^^^^^^^^^^^^^^^^^^^^^^^^^^^^^^^^^^^^^^^^^
  File "C:\ProgramData\anaconda3\Lib\site-packages\jupyter_core\utils\__init__.py", line 165, in wrapped
    return loop.run_until_complete(inner)
           ^^^^^^^^^^^^^^^^^^^^^^^^^^^^^^
  File "C:\ProgramData\anaconda3\Lib\asyncio\base_events.py", line 687, in run_until_complete
    return future.result()
           ^^^^^^^^^^^^^^^
  File "C:\ProgramData\anaconda3\Lib\site-packages\nbclient\client.py", line 705, in async_execute
    await self.async_execute_cell(
  File "C:\ProgramData\anaconda3\Lib\site-packages\nbclient\client.py", line 1058, in async_execute_cell
    await self._check_raise_for_error(cell, cell_index, exec_reply)
  File "C:\ProgramData\anaconda3\Lib\site-packages\nbclient\client.py", line 914, in _check_raise_for_error
    raise CellExecutionError.from_cell_and_msg(cell, exec_reply_content)
nbclient.exceptions.CellExecutionError: An error occurred while executing the following cell:
------------------
%matplotlib notebook
from ipywidgets import *
import matplotlib.pyplot as plt
import numpy as np
from phasepy import mixture, component, preos, virialgamma, rkseos
from phasepy.equilibrium import flash,bubblePy, bubbleTy,dewPx, dewTx

water = component(name='water',Tc=647.13, Pc=220.55, Zc=0.229, Vc=55.948, w=0.344861,
                  GC={'H2O':1}, ri=0.92, qi=1.4, Mw=18)
ethanol = component(name='ethanol',Tc=514, Pc=61.37, Zc=0.241, Vc=168, w=0.643558, 
                    GC={'CH3':1,'CH2':1,'OH(P)':1},ri=2.1055, qi=1.972, Mw=46.07)

data_bubbleT=np.transpose([(-0.005804985729987333, 373.01174851527213),
(0.02864624223000123, 366.37145443294014),
(0.04196953883383053, 364.2310726061938),
(0.08335719365654065, 360.3884029592958),
(0.12629192104849957, 358.35612225105984),
(0.16724547192640565, 357.09203003629847),
(0.2099954742354691, 356.157016320461),
(0.29722727650574027, 355.0001108350497),
(0.3528572352196843, 354.5581560742225),
(0.3992740304242211, 353.8423925592736),
(0.4567466218400466, 353.4551995492708),
(0.5012468943095438, 353.123581080457),
(0.5698676444781055, 352.51632507920084),
(0.6143494444393132, 352.2944333096269),
(0.6366180531823513, 352.01889737598015),
(0.6866646962657825, 351.7418374603995),
(0.7274150495525036, 351.68473893727656),
(0.7756005874257634, 351.46264397011146),
(0.80894346488838, 351.40595184217085),
(0.8774995612779282, 351.1827392882542),
(0.9293611283008063, 351.1250311723577),
(0.9978618071654859, 351.2309987161606),
])

data_dewT=np.transpose([(-0.003990061790540234, 373.2311003149562),
(0.2582964652855388, 366.24912948304683),
(0.316055380579852, 364.1611726348262),
(0.42411955407364993, 360.2599820816669),
(0.47823014898077926, 357.8430483333179),
(0.5227950752292898, 357.12738641716464),
(0.5563503865372359, 355.8088372479657),
(0.5898502803203132, 354.8194681764863),
(0.6029334343163786, 354.1055334398581),
(0.6252112793135616, 353.77513415659143),
(0.6401093572490741, 353.2805512196473),
(0.6512852247642447, 352.89589817953424),
(0.6828224145415585, 352.56499090228965),
(0.7032483905827154, 352.2346932178185),
(0.7496282407706729, 351.73838310134937),
(0.7866933286536313, 351.57176107657773),
(0.8682402164977971, 351.1832472822322),
(0.8904534077159667, 351.236891446305),
(0.9404446332745291, 351.2890116284439),
(0.9996674948507884, 351.50521386546467)])

print(data_dewT[0])


------------------


[1;31m---------------------------------------------------------------------------[0m
[1;31mModuleNotFoundError[0m                       Traceback (most recent call last)
Cell [1;32mIn[1], line 5[0m
[0;32m      3[0m [38;5;28;01mimport[39;00m [38;5;21;01mmatplotlib[39;00m[38;5;21;01m.[39;00m[38;5;21;01mpyplot[39;00m [38;5;28;01mas[39;00m [38;5;21;01mplt[39;00m
[0;32m      4[0m [38;5;28;01mimport[39;00m [38;5;21;01mnumpy[39;00m [38;5;28;01mas[39;00m [38;5;21;01mnp[39;00m
[1;32m----> 5[0m [38;5;28;01mfrom[39;00m [38;5;21;01mphasepy[39;00m [38;5;28;01mimport[39;00m mixture, component, preos, virialgamma, rkseos
[0;32m      6[0m [38;5;28;01mfrom[39;00m [38;5;21;01mphasepy[39;00m[38;5;21;01m.[39;00m[38;5;21;01mequilibrium[39;00m [38;5;28;01mimport[39;00m flash,bubblePy, bubbleTy,dewPx, dewTx
[0;32m      8[0m water [38;5;241m=[39m component(name[38;5;241m=[39m[38;5;124m'[39m[38;5;124mwater[39m[38;5;124m'[39m,Tc[38;5;241m=[39m[38;5;241m647.13[39m, Pc[38;5;241m=[39m[38;5;241m220.55[39m, Zc[38;5;241m=[39m[38;5;241m0.229[39m, Vc[38;5;241m=[39m[38;5;241m55.948[39m, w[38;5;241m=[39m[38;5;241m0.344861[39m,
[0;32m      9[0m                   GC[38;5;241m=[39m{[38;5;124m'[39m[38;5;124mH2O[39m[38;5;124m'[39m:[38;5;241m1[39m}, ri[38;5;241m=[39m[38;5;241m0.92[39m, qi[38;5;241m=[39m[38;5;241m1.4[39m, Mw[38;5;241m=[39m[38;5;241m18[39m)

[1;31mModuleNotFoundError[0m: No module named 'phasepy'

